// Jest Snapshot v1, https://goo.gl/fbAQLP

exports[`TagDeleteButton renders correctly (snapshots) 1`] = `
<span>
  <button
    class="deleteAreaClass"
  >
    <span
      class="deleteContentClass"
    >
      x
    </span>
  </button>
</span>
`;
