// Jest Snapshot v1, https://goo.gl/fbAQLP

exports[`TagLink renders correctly (snapshots) 1`] = `
<span>
  <span>
    <a>
      <span>
        test
      </span>
    </a>
  </span>
   
  <tag-delete-button-stub
    eventhub="[object Object]"
    tagname="test"
  />
</span>
`;
