// Jest Snapshot v1, https://goo.gl/fbAQLP

exports[`Tags renders correctly (snapshots) 1`] = `
<span>
  <span>
    <!---->
     
    <!---->
  </span>
  <span>
    <!---->
     
    <!---->
  </span>
</span>
`;
